workload capacity gate remains closed or lacks a hash-bound reviewed budget in namespace lidersea-com
workload capacity gate remains closed or lacks a hash-bound reviewed budget in namespace lidersea-com
workload capacity gate remains closed or lacks a hash-bound reviewed budget in namespace lidersea-com
workload capacity gate remains closed or lacks a hash-bound reviewed budget in namespace naranjo-online
workload capacity gate remains closed or lacks a hash-bound reviewed budget in namespace naranjo-online
workload capacity gate remains closed or lacks a hash-bound reviewed budget in namespace naranjo-online
